// Jest Snapshot v1, https://goo.gl/fbAQLP

exports[`should render ExpenseListItem component with expense data 1`] = `
<div>
  <h3>
    <Link
      replace={false}
      to="/edit/1"
    >
      item 1 - abc
    </Link>
  </h3>
  <ul>
    <li>
      note: 
      lowest amount, middle date
    </li>
    <li>
      amount: 
      $7.00
    </li>
    <li>
      created: 
      Apr 1st, 2017
    </li>
  </ul>
</div>
`;
