// Jest Snapshot v1, https://goo.gl/fbAQLP

exports[`should render the Navigation component correctly 1`] = `
<nav>
  <ul>
    <li>
      <NavLink
        activeClassName="is-active"
        ariaCurrent="true"
        to="/dashboard"
      >
        Dashboard
      </NavLink>
    </li>
  </ul>
</nav>
`;
